../Drivers/CMSIS/Include/core_cm7.h:2229:22:SCB_EnableICache	4	static,ignoring_inline_asm
../Drivers/CMSIS/Include/core_cm7.h:2265:22:SCB_InvalidateICache	4	static,ignoring_inline_asm
../Drivers/CMSIS/Include/core_cm7.h:2281:22:SCB_EnableDCache	24	static,ignoring_inline_asm
../Drivers/CMSIS/Include/core_cm7.h:2357:22:SCB_InvalidateDCache	24	static,ignoring_inline_asm
../Core/Src/main.c:164:5:main	72	static
../Core/Src/main.c:285:6:SystemClock_Config	216	static
../Core/Src/main.c:368:13:MX_ADC3_Init	24	static
../Core/Src/main.c:418:13:MX_CRC_Init	8	static
../Core/Src/main.c:449:13:MX_DCMI_Init	8	static
../Core/Src/main.c:486:13:MX_DMA2D_Init	8	static
../Core/Src/main.c:523:13:MX_I2C1_Init	8	static
../Core/Src/main.c:577:13:MX_I2C3_Init	8	static
../Core/Src/main.c:632:13:MX_LTDC_Init	64	static
../Core/Src/main.c:696:13:MX_QUADSPI_Init	8	static
../Core/Src/main.c:741:13:MX_RTC_Init	80	static
../Core/Src/main.c:833:13:MX_SAI2_Init	8	static
../Core/Src/main.c:918:13:MX_SDMMC1_SD_Init	4	static
../Core/Src/main.c:946:13:MX_SPDIFRX_Init	8	static
../Core/Src/main.c:982:13:MX_TIM1_Init	112	static
../Core/Src/main.c:1062:13:MX_TIM2_Init	64	static
../Core/Src/main.c:1121:13:MX_TIM3_Init	64	static
../Core/Src/main.c:1180:13:MX_TIM5_Init	64	static
../Core/Src/main.c:1239:13:MX_TIM8_Init	40	static
../Core/Src/main.c:1286:13:MX_TIM12_Init	40	static
../Core/Src/main.c:1328:13:MX_USART1_UART_Init	8	static
../Core/Src/main.c:1363:13:MX_USART6_UART_Init	8	static
../Core/Src/main.c:1398:13:MX_DMA_Init	16	static
../Core/Src/main.c:1440:13:MX_FMC_Init	40	static
../Core/Src/main.c:1493:13:MX_GPIO_Init	72	static
../Core/Src/main.c:1691:6:Error	16	static
../Core/Src/main.c:1707:6:StartDefaultTask	24	static
../Core/Src/main.c:1736:6:startUITask	32	static
../Core/Src/main.c:1770:6:HAL_TIM_PeriodElapsedCallback	16	static
../Core/Src/main.c:1787:6:Error_Handler	8	static
